<?xml version="1.0" encoding="UTF-8"?>
<testsuites name="jest tests" tests="24" failures="0" errors="0" time="34.696">
  <testsuite name="__tests__/components/Button.test.tsx" errors="0" failures="0" skipped="0" timestamp="2025-09-28T06:36:51" time="16.523" tests="24">
    <testcase classname="Button Component" name="renders correctly with text" time="0.043">
    </testcase>
    <testcase classname="Button Component" name="handles click events" time="0.027">
    </testcase>
    <testcase classname="Button Component" name="applies correct variant classes" time="0.004">
    </testcase>
    <testcase classname="Button Component" name="applies correct size classes" time="0.003">
    </testcase>
    <testcase classname="Button Component" name="is disabled when disabled prop is true" time="0.003">
    </testcase>
    <testcase classname="Button Component" name="does not call onClick when disabled" time="0.01">
    </testcase>
    <testcase classname="Button Component" name="renders as child component when asChild is true" time="0.004">
    </testcase>
    <testcase classname="Button Component" name="forwards ref correctly" time="0.001">
    </testcase>
    <testcase classname="Button Component" name="applies custom className" time="0.003">
    </testcase>
    <testcase classname="Button Component" name="supports all HTML button attributes" time="0.003">
    </testcase>
    <testcase classname="Button Component › Variant styles" name="renders default variant correctly" time="0.002">
    </testcase>
    <testcase classname="Button Component › Variant styles" name="renders destructive variant correctly" time="0.002">
    </testcase>
    <testcase classname="Button Component › Variant styles" name="renders outline variant correctly" time="0.002">
    </testcase>
    <testcase classname="Button Component › Variant styles" name="renders secondary variant correctly" time="0.002">
    </testcase>
    <testcase classname="Button Component › Variant styles" name="renders ghost variant correctly" time="0.002">
    </testcase>
    <testcase classname="Button Component › Variant styles" name="renders link variant correctly" time="0.002">
    </testcase>
    <testcase classname="Button Component › Size styles" name="renders default size correctly" time="0.002">
    </testcase>
    <testcase classname="Button Component › Size styles" name="renders sm size correctly" time="0.001">
    </testcase>
    <testcase classname="Button Component › Size styles" name="renders lg size correctly" time="0.002">
    </testcase>
    <testcase classname="Button Component › Size styles" name="renders icon size correctly" time="0.002">
    </testcase>
    <testcase classname="Button Component › Accessibility" name="has proper ARIA attributes when disabled" time="0.002">
    </testcase>
    <testcase classname="Button Component › Accessibility" name="is focusable by keyboard" time="0.008">
    </testcase>
    <testcase classname="Button Component › Accessibility" name="can be activated by Enter key" time="0.006">
    </testcase>
    <testcase classname="Button Component › Accessibility" name="can be activated by Space key" time="0.006">
    </testcase>
  </testsuite>
</testsuites>